// Vitest Snapshot v1, https://vitest.dev/guide/snapshot.html

exports[`buildReadablePrompt snapshots > returns template segment verbatim 1`] = `"A lone wolf howls at night."`;
